import processing.core.*;
import processing.data.*;
import processing.event.*;
import processing.opengl.*;

import processing.pdf.*;

import java.util.HashMap;
import java.util.ArrayList;
import java.io.File;
import java.io.BufferedReader;
import java.io.PrintWriter;
import java.io.InputStream;
import java.io.OutputStream;
import java.io.IOException;

public class expressionsizevar extends PApplet {



public void setup() {
  int newWidth = 400*2;
  size(newWidth, 400/2);
}

 public void draw() {
  // Draw something good here
  line(0, 0, width/2, height);

  // Exit the program
  println("Finished.");
  exit();
}

    static public void main(String[] passedArgs) {
        String[] appletArgs = new String[] { "expressionsizevar" };
        if (passedArgs != null) {
            PApplet.main(concat(appletArgs, passedArgs));
        } else {
            PApplet.main(appletArgs);
        }
    }
}
